// 重构日志: 06b1d02c
// 重构日志: c5359859
// 重构日志: 6bf36c3a
// 重构日志: 0a591d3d
// 重构日志: 153a58f8
// 重构日志: c1174afb
// 重构日志: f8616bdc
// 同步 ID: f8e8728c @ Mon Jul 27 06:16:21 UTC 2026
// 同步 ID: 45e54aee @ Mon Jul 27 16:19:12 UTC 2026
// 同步 ID: 54e69fa6 @ Mon Jul 27 17:27:36 UTC 2026
// 同步 ID: 3ab4a30d @ Wed Jul 29 01:36:52 UTC 2026
// 同步 ID: 91c0655c @ Wed Jul 29 10:46:27 UTC 2026
// 重构日志: a3e4c819
// 同步 ID: 19092c80 @ Thu Jul 30 12:50:24 UTC 2026
// 同步 ID: 977663a3 @ Fri Jul 31 06:11:08 UTC 2026
// 同步 ID: 7f7405fe @ Fri Jul 31 11:52:06 UTC 2026
// 同步 ID: ded9b1d7 @ Sat Aug  1 08:38:21 UTC 2026
// 同步 ID: 0024a4ef @ Sat Aug  1 12:48:39 UTC 2026
// 重构日志: 957bce5e
// 重构日志: 1602655c
// 同步 ID: 9eabad08 @ Sun Aug  2 11:35:30 UTC 2026
// 重构日志: b9815427
// 同步 ID: 312d2f62 @ Mon Aug  3 09:00:55 UTC 2026
// 同步 ID: 3893d686 @ Mon Aug  3 21:54:28 UTC 2026
// 同步 ID: d3dcebfc @ Tue Aug  4 10:45:59 UTC 2026
// 同步 ID: 6e0b610a @ Wed Aug  5 12:35:09 UTC 2026
// 重构日志: 47a6c518
// 重构日志: 68c922be
// 重构日志: 35b06d58
// 同步 ID: 03b46d95 @ Fri Aug  7 12:31:36 UTC 2026
// 重构日志: ca093758
